.\gradlew : e: file:///C:/Use
e: file:///C:/Users/Omar/OneD
e: file:///C:/Users/Omar/OneD
e: file:///C:/Users/Omar/OneD
e: file:///C:/Users/Omar/OneD
e: file:///C:/Users/Omar/OneD
e: file:///C:/Users/Omar/OneD
e: file:///C:/Users/Omar/OneD
e: file:///C:/Users/Omar/OneD
e: file:///C:/Users/Omar/OneD
e: file:///C:/Users/Omar/OneD
e: file:///C:/Users/Omar/OneD
e: file:///C:/Users/Omar/OneD
e: file:///C:/Users/Omar/OneD
e: file:///C:/Users/Omar/OneD
